// Jest Snapshot v1, https://goo.gl/fbAQLP

exports[`Link changes the class when hovered 1`] = `
<div
  className="App"
>
  <header
    className="App-header"
  >
    <button
      id="test"
      onClick={[Function]}
    >
      DCCCss
    </button>
    <p>
      sex
       Edit 
      <code>
        src/App.js
      </code>
       and save to reload.asdsadasdsd asd
    </p>
    <a
      className="App-link"
      href="https://reactjs.org"
      rel="noopener noreferrer"
      target="_blank"
    >
      Learn React
    </a>
  </header>
</div>
`;
